[0.218s] Invoking command in '/home/thirawat/Mikant/mikant_sim_ws/build/mikant_gazebo_plugins': /usr/bin/cmake --build /home/thirawat/Mikant/mikant_sim_ws/build/mikant_gazebo_plugins -- -j4 -l4
[0.244s] -- Found ament_cmake: 0.9.11 (/opt/ros/foxy/share/ament_cmake/cmake)
[0.267s] -- Using PYTHON_EXECUTABLE: /usr/bin/python3
[0.447s] -- Found DART: /usr/include (Required is at least version "6.6") found components: dart 
[0.473s] -- Found Protobuf: /usr/lib/x86_64-linux-gnu/libprotobuf.so;-lpthread (found version "3.6.1") 
[0.474s] -- Looking for ignition-math6 -- found version 6.13.0
[0.478s] -- Searching for dependencies of ignition-math6
[0.480s] -- Looking for OGRE...
[0.484s] -- Found Ogre Ghadamon (1.9.0)
[0.485s] -- Found OGRE: optimized;/usr/lib/x86_64-linux-gnu/libOgreMain.so;debug;/usr/lib/x86_64-linux-gnu/libOgreMain.so
[0.493s] -- Looking for OGRE_Paging...
[0.493s] -- Found OGRE_Paging: optimized;/usr/lib/x86_64-linux-gnu/libOgrePaging.so;debug;/usr/lib/x86_64-linux-gnu/libOgrePaging.so
[0.494s] -- Looking for OGRE_Terrain...
[0.494s] -- Found OGRE_Terrain: optimized;/usr/lib/x86_64-linux-gnu/libOgreTerrain.so;debug;/usr/lib/x86_64-linux-gnu/libOgreTerrain.so
[0.494s] -- Looking for OGRE_Property...
[0.494s] -- Found OGRE_Property: optimized;/usr/lib/x86_64-linux-gnu/libOgreProperty.so;debug;/usr/lib/x86_64-linux-gnu/libOgreProperty.so
[0.494s] -- Looking for OGRE_RTShaderSystem...
[0.494s] -- Found OGRE_RTShaderSystem: optimized;/usr/lib/x86_64-linux-gnu/libOgreRTShaderSystem.so;debug;/usr/lib/x86_64-linux-gnu/libOgreRTShaderSystem.so
[0.494s] -- Looking for OGRE_Volume...
[0.494s] -- Found OGRE_Volume: optimized;/usr/lib/x86_64-linux-gnu/libOgreVolume.so;debug;/usr/lib/x86_64-linux-gnu/libOgreVolume.so
[0.494s] -- Looking for OGRE_Overlay...
[0.494s] -- Found OGRE_Overlay: optimized;/usr/lib/x86_64-linux-gnu/libOgreOverlay.so;debug;/usr/lib/x86_64-linux-gnu/libOgreOverlay.so
[0.621s] -- Looking for ignition-math6 -- found version 6.13.0
[0.621s] -- Looking for ignition-transport8 -- found version 8.3.0
[0.622s] -- Searching for dependencies of ignition-transport8
[0.638s] -- Found Protobuf: /usr/lib/x86_64-linux-gnu/libprotobuf.so;-lpthread (found suitable version "3.6.1", minimum required is "3") 
[0.648s] -- Config-file not installed for ZeroMQ -- checking for pkg-config
[0.652s] -- Checking for module 'libzmq >= 4'
[0.667s] --   Found libzmq , version 4.3.2
[0.697s] -- Checking for module 'uuid'
[0.710s] --   Found uuid, version 2.34.0
[0.738s] -- Looking for ignition-msgs5 -- found version 5.10.0
[0.738s] -- Searching for dependencies of ignition-msgs5
[0.759s] -- Looking for ignition-math6 -- found version 6.13.0
[0.762s] -- Checking for module 'tinyxml2'
[0.774s] --   Found tinyxml2, version 6.2.0
[0.800s] -- Looking for ignition-msgs5 -- found version 5.10.0
[0.800s] -- Looking for ignition-common3 -- found version 3.14.2
[0.801s] -- Searching for dependencies of ignition-common3
[0.801s] -- Looking for dlfcn.h - found
[0.801s] -- Looking for libdl - found
[0.809s] -- Searching for <ignition-common3> component [graphics]
[0.810s] -- Looking for ignition-common3-graphics -- found version 3.14.2
[0.810s] -- Searching for dependencies of ignition-common3-graphics
[0.810s] -- Looking for ignition-math6 -- found version 6.13.0
[0.811s] -- Looking for ignition-fuel_tools4 -- found version 4.6.0
[0.812s] -- Searching for dependencies of ignition-fuel_tools4
[0.836s] -- Checking for module 'jsoncpp'
[0.848s] --   Found jsoncpp, version 1.7.4
[0.877s] -- Checking for module 'libzip'
[0.888s] --   Found libzip, version 1.5.1
[0.913s] -- Looking for ignition-common3 -- found version 3.14.2
[0.914s] -- Looking for ignition-math6 -- found version 6.13.0
[0.914s] -- Looking for ignition-msgs5 -- found version 5.10.0
[0.915s] -- Found gazebo_ros: 3.5.3 (/home/thirawat/ros2_ws/install/gazebo_ros/share/gazebo_ros/cmake)
[0.944s] -- Using all available rosidl_typesupport_c: rosidl_typesupport_fastrtps_c;rosidl_typesupport_introspection_c
[0.947s] -- Found rosidl_adapter: 1.3.0 (/opt/ros/foxy/share/rosidl_adapter/cmake)
[1.053s] -- Using all available rosidl_typesupport_cpp: rosidl_typesupport_fastrtps_cpp;rosidl_typesupport_introspection_cpp
[1.094s] -- Found rmw_implementation_cmake: 1.0.3 (/opt/ros/foxy/share/rmw_implementation_cmake/cmake)
[1.096s] -- Using RMW implementation 'rmw_fastrtps_cpp' as default
[1.216s] -- Gazebo version: 11.11
[1.249s] -- Found ament_lint_auto: 0.9.7 (/opt/ros/foxy/share/ament_lint_auto/cmake)
[1.292s] Error parsing '/home/thirawat/Mikant/mikant_sim_ws/src/mikant_gazebo_plugins/package.xml':
[1.379s] Traceback (most recent call last):
[1.379s]   File "/usr/lib/python3/dist-packages/catkin_pkg/package.py", line 610, in parse_package_string
[1.379s]     root = dom.parseString(data)
[1.379s]   File "/usr/lib/python3.8/xml/dom/minidom.py", line 1969, in parseString
[1.379s]     return expatbuilder.parseString(string)
[1.379s]   File "/usr/lib/python3.8/xml/dom/expatbuilder.py", line 925, in parseString
[1.379s]     return builder.parseString(string)
[1.379s]   File "/usr/lib/python3.8/xml/dom/expatbuilder.py", line 223, in parseString
[1.379s]     parser.Parse(string, True)
[1.379s] xml.parsers.expat.ExpatError: not well-formed (invalid token): line 7, column 1
[1.379s] 
[1.379s] During handling of the above exception, another exception occurred:
[1.379s] 
[1.379s] Traceback (most recent call last):
[1.379s]   File "/opt/ros/foxy/share/ament_cmake_core/cmake/core/package_xml_2_cmake.py", line 143, in <module>
[1.379s]     main()
[1.379s]   File "/opt/ros/foxy/share/ament_cmake_core/cmake/core/package_xml_2_cmake.py", line 52, in main
[1.379s]     raise e
[1.379s]   File "/opt/ros/foxy/share/ament_cmake_core/cmake/core/package_xml_2_cmake.py", line 48, in main
[1.380s]     package = parse_package_string(
[1.380s]   File "/usr/lib/python3/dist-packages/catkin_pkg/package.py", line 612, in parse_package_string
[1.380s]     raise InvalidPackage('The manifest contains invalid XML:\n%s' % ex, filename)
[1.380s] catkin_pkg.package.InvalidPackage: Error(s) in package '/home/thirawat/Mikant/mikant_sim_ws/src/mikant_gazebo_plugins/package.xml':
[1.380s] The manifest contains invalid XML:
[1.380s] not well-formed (invalid token): line 7, column 1
[1.396s] CMake Error at /opt/ros/foxy/share/ament_cmake_core/cmake/core/ament_package_xml.cmake:94 (message):
[1.396s]   execute_process(/usr/bin/python3
[1.396s]   /opt/ros/foxy/share/ament_cmake_core/cmake/core/package_xml_2_cmake.py
[1.396s]   /home/thirawat/Mikant/mikant_sim_ws/src/mikant_gazebo_plugins/package.xml
[1.396s]   /home/thirawat/Mikant/mikant_sim_ws/build/mikant_gazebo_plugins/ament_cmake_core/package.cmake)
[1.396s]   returned error code 1
[1.396s] Call Stack (most recent call first):
[1.396s]   /opt/ros/foxy/share/ament_cmake_core/cmake/core/ament_package_xml.cmake:49 (_ament_package_xml)
[1.396s]   /opt/ros/foxy/share/ament_lint_auto/cmake/ament_lint_auto_find_test_dependencies.cmake:31 (ament_package_xml)
[1.396s]   CMakeLists.txt:38 (ament_lint_auto_find_test_dependencies)
[1.396s] 
[1.396s] 
[1.397s] -- Configuring incomplete, errors occurred!
[1.397s] See also "/home/thirawat/Mikant/mikant_sim_ws/build/mikant_gazebo_plugins/CMakeFiles/CMakeOutput.log".
[1.397s] See also "/home/thirawat/Mikant/mikant_sim_ws/build/mikant_gazebo_plugins/CMakeFiles/CMakeError.log".
[1.405s] make: *** [Makefile:266: cmake_check_build_system] Error 1
[1.407s] Invoked command in '/home/thirawat/Mikant/mikant_sim_ws/build/mikant_gazebo_plugins' returned '2': /usr/bin/cmake --build /home/thirawat/Mikant/mikant_sim_ws/build/mikant_gazebo_plugins -- -j4 -l4
